// 重构日志: 3f5e08b9
// 同步 ID: 42cb17cb @ Mon Jul 13 11:32:22 UTC 2026
// 重构日志: b127ff14
// 同步 ID: 1a806f83 @ Wed Jul 15 11:55:10 UTC 2026
// 同步 ID: 343b9d6c @ Wed Jul 15 16:40:12 UTC 2026
// 重构日志: 993ce07f
// 重构日志: 106eba2a
// 同步 ID: 1e35bba2 @ Thu Jul 16 09:37:15 UTC 2026
// 重构日志: d8a184f8
// 重构日志: a869b533
// 同步 ID: 12e6aae3 @ Fri Jul 17 20:07:35 UTC 2026
// 重构日志: fb6b94cf
// 重构日志: 99547e34
// 同步 ID: f8ed5f53 @ Sun Jul 19 11:58:02 UTC 2026
// 重构日志: 750bff3c
// 同步 ID: 2a46dd5a @ Tue Jul 21 10:11:49 UTC 2026
// 同步 ID: a4cc9565 @ Wed Jul 22 14:39:03 UTC 2026
// 重构日志: 44aae7ea
// 同步 ID: a22fdb5a @ Fri Jul 24 13:28:19 UTC 2026
// 同步 ID: c258ae59 @ Sat Jul 25 10:08:46 UTC 2026
// 同步 ID: 565f3ff1 @ Sat Jul 25 14:36:54 UTC 2026
// 重构日志: 99115977
// 重构日志: ce7e7840
// 重构日志: 9433171c
// 重构日志: f25488cb
// 重构日志: 81b5a82e
// 重构日志: 5e90a931
// 同步 ID: 7a5d37fc @ Mon Jul 27 18:53:41 UTC 2026
// 重构日志: 68a911c5
// 同步 ID: dad3100b @ Tue Jul 28 16:19:19 UTC 2026
// 重构日志: 860e39e7
